Archive member included to satisfy reference by file (symbol)

/home/spthiru/Documents/STM/arm_compiler/gcc-arm-none-eabi-10.3-2021.10/bin/../lib/gcc/arm-none-eabi/10.3.1/../../../../arm-none-eabi/lib/thumb/v7e-m+fp/hard/libc_nano.a(lib_a-exit.o)
                              /home/spthiru/Documents/STM/arm_compiler/gcc-arm-none-eabi-10.3-2021.10/bin/../lib/gcc/arm-none-eabi/10.3.1/../../../../arm-none-eabi/lib/thumb/v7e-m+fp/hard/crt0.o (exit)
/home/spthiru/Documents/STM/arm_compiler/gcc-arm-none-eabi-10.3-2021.10/bin/../lib/gcc/arm-none-eabi/10.3.1/../../../../arm-none-eabi/lib/thumb/v7e-m+fp/hard/libc_nano.a(lib_a-impure.o)
                              /home/spthiru/Documents/STM/arm_compiler/gcc-arm-none-eabi-10.3-2021.10/bin/../lib/gcc/arm-none-eabi/10.3.1/../../../../arm-none-eabi/lib/thumb/v7e-m+fp/hard/libc_nano.a(lib_a-exit.o) (_global_impure_ptr)
/home/spthiru/Documents/STM/arm_compiler/gcc-arm-none-eabi-10.3-2021.10/bin/../lib/gcc/arm-none-eabi/10.3.1/../../../../arm-none-eabi/lib/thumb/v7e-m+fp/hard/libc_nano.a(lib_a-init.o)
                              /home/spthiru/Documents/STM/arm_compiler/gcc-arm-none-eabi-10.3-2021.10/bin/../lib/gcc/arm-none-eabi/10.3.1/../../../../arm-none-eabi/lib/thumb/v7e-m+fp/hard/crt0.o (__libc_init_array)
/home/spthiru/Documents/STM/arm_compiler/gcc-arm-none-eabi-10.3-2021.10/bin/../lib/gcc/arm-none-eabi/10.3.1/../../../../arm-none-eabi/lib/thumb/v7e-m+fp/hard/libc_nano.a(lib_a-memset.o)
                              /home/spthiru/Documents/STM/arm_compiler/gcc-arm-none-eabi-10.3-2021.10/bin/../lib/gcc/arm-none-eabi/10.3.1/../../../../arm-none-eabi/lib/thumb/v7e-m+fp/hard/crt0.o (memset)
/home/spthiru/Documents/STM/arm_compiler/gcc-arm-none-eabi-10.3-2021.10/bin/../lib/gcc/arm-none-eabi/10.3.1/../../../../arm-none-eabi/lib/thumb/v7e-m+fp/hard/libnosys.a(_exit.o)
                              /home/spthiru/Documents/STM/arm_compiler/gcc-arm-none-eabi-10.3-2021.10/bin/../lib/gcc/arm-none-eabi/10.3.1/../../../../arm-none-eabi/lib/thumb/v7e-m+fp/hard/libc_nano.a(lib_a-exit.o) (_exit)

Discarded input sections

 .text          0x0000000000000000        0x0 /home/spthiru/Documents/STM/arm_compiler/gcc-arm-none-eabi-10.3-2021.10/bin/../lib/gcc/arm-none-eabi/10.3.1/thumb/v7e-m+fp/hard/crti.o
 .data          0x0000000000000000        0x0 /home/spthiru/Documents/STM/arm_compiler/gcc-arm-none-eabi-10.3-2021.10/bin/../lib/gcc/arm-none-eabi/10.3.1/thumb/v7e-m+fp/hard/crti.o
 .bss           0x0000000000000000        0x0 /home/spthiru/Documents/STM/arm_compiler/gcc-arm-none-eabi-10.3-2021.10/bin/../lib/gcc/arm-none-eabi/10.3.1/thumb/v7e-m+fp/hard/crti.o
 .data          0x0000000000000000        0x4 /home/spthiru/Documents/STM/arm_compiler/gcc-arm-none-eabi-10.3-2021.10/bin/../lib/gcc/arm-none-eabi/10.3.1/thumb/v7e-m+fp/hard/crtbegin.o
 .rodata        0x0000000000000000       0x24 /home/spthiru/Documents/STM/arm_compiler/gcc-arm-none-eabi-10.3-2021.10/bin/../lib/gcc/arm-none-eabi/10.3.1/thumb/v7e-m+fp/hard/crtbegin.o
 .text          0x0000000000000000       0x7c /home/spthiru/Documents/STM/arm_compiler/gcc-arm-none-eabi-10.3-2021.10/bin/../lib/gcc/arm-none-eabi/10.3.1/../../../../arm-none-eabi/lib/thumb/v7e-m+fp/hard/crt0.o
 .data          0x0000000000000000        0x0 /home/spthiru/Documents/STM/arm_compiler/gcc-arm-none-eabi-10.3-2021.10/bin/../lib/gcc/arm-none-eabi/10.3.1/../../../../arm-none-eabi/lib/thumb/v7e-m+fp/hard/crt0.o
 .bss           0x0000000000000000        0x0 /home/spthiru/Documents/STM/arm_compiler/gcc-arm-none-eabi-10.3-2021.10/bin/../lib/gcc/arm-none-eabi/10.3.1/../../../../arm-none-eabi/lib/thumb/v7e-m+fp/hard/crt0.o
 .ARM.extab     0x0000000000000000        0x0 /home/spthiru/Documents/STM/arm_compiler/gcc-arm-none-eabi-10.3-2021.10/bin/../lib/gcc/arm-none-eabi/10.3.1/../../../../arm-none-eabi/lib/thumb/v7e-m+fp/hard/crt0.o
 .ARM.exidx     0x0000000000000000       0x10 /home/spthiru/Documents/STM/arm_compiler/gcc-arm-none-eabi-10.3-2021.10/bin/../lib/gcc/arm-none-eabi/10.3.1/../../../../arm-none-eabi/lib/thumb/v7e-m+fp/hard/crt0.o
 .ARM.attributes
                0x0000000000000000       0x1c /home/spthiru/Documents/STM/arm_compiler/gcc-arm-none-eabi-10.3-2021.10/bin/../lib/gcc/arm-none-eabi/10.3.1/../../../../arm-none-eabi/lib/thumb/v7e-m+fp/hard/crt0.o
 .text          0x0000000000000000        0x0 /home/spthiru/Documents/STM/arm_compiler/gcc-arm-none-eabi-10.3-2021.10/bin/../lib/gcc/arm-none-eabi/10.3.1/../../../../arm-none-eabi/lib/thumb/v7e-m+fp/hard/libc_nano.a(lib_a-exit.o)
 .data          0x0000000000000000        0x0 /home/spthiru/Documents/STM/arm_compiler/gcc-arm-none-eabi-10.3-2021.10/bin/../lib/gcc/arm-none-eabi/10.3.1/../../../../arm-none-eabi/lib/thumb/v7e-m+fp/hard/libc_nano.a(lib_a-exit.o)
 .bss           0x0000000000000000        0x0 /home/spthiru/Documents/STM/arm_compiler/gcc-arm-none-eabi-10.3-2021.10/bin/../lib/gcc/arm-none-eabi/10.3.1/../../../../arm-none-eabi/lib/thumb/v7e-m+fp/hard/libc_nano.a(lib_a-exit.o)
 .text.exit     0x0000000000000000       0x28 /home/spthiru/Documents/STM/arm_compiler/gcc-arm-none-eabi-10.3-2021.10/bin/../lib/gcc/arm-none-eabi/10.3.1/../../../../arm-none-eabi/lib/thumb/v7e-m+fp/hard/libc_nano.a(lib_a-exit.o)
 .debug_frame   0x0000000000000000       0x28 /home/spthiru/Documents/STM/arm_compiler/gcc-arm-none-eabi-10.3-2021.10/bin/../lib/gcc/arm-none-eabi/10.3.1/../../../../arm-none-eabi/lib/thumb/v7e-m+fp/hard/libc_nano.a(lib_a-exit.o)
 .ARM.attributes
                0x0000000000000000       0x34 /home/spthiru/Documents/STM/arm_compiler/gcc-arm-none-eabi-10.3-2021.10/bin/../lib/gcc/arm-none-eabi/10.3.1/../../../../arm-none-eabi/lib/thumb/v7e-m+fp/hard/libc_nano.a(lib_a-exit.o)
 .text          0x0000000000000000        0x0 /home/spthiru/Documents/STM/arm_compiler/gcc-arm-none-eabi-10.3-2021.10/bin/../lib/gcc/arm-none-eabi/10.3.1/../../../../arm-none-eabi/lib/thumb/v7e-m+fp/hard/libc_nano.a(lib_a-impure.o)
 .data          0x0000000000000000        0x0 /home/spthiru/Documents/STM/arm_compiler/gcc-arm-none-eabi-10.3-2021.10/bin/../lib/gcc/arm-none-eabi/10.3.1/../../../../arm-none-eabi/lib/thumb/v7e-m+fp/hard/libc_nano.a(lib_a-impure.o)
 .bss           0x0000000000000000        0x0 /home/spthiru/Documents/STM/arm_compiler/gcc-arm-none-eabi-10.3-2021.10/bin/../lib/gcc/arm-none-eabi/10.3.1/../../../../arm-none-eabi/lib/thumb/v7e-m+fp/hard/libc_nano.a(lib_a-impure.o)
 .data._impure_ptr
                0x0000000000000000        0x4 /home/spthiru/Documents/STM/arm_compiler/gcc-arm-none-eabi-10.3-2021.10/bin/../lib/gcc/arm-none-eabi/10.3.1/../../../../arm-none-eabi/lib/thumb/v7e-m+fp/hard/libc_nano.a(lib_a-impure.o)
 .data.impure_data
                0x0000000000000000       0x60 /home/spthiru/Documents/STM/arm_compiler/gcc-arm-none-eabi-10.3-2021.10/bin/../lib/gcc/arm-none-eabi/10.3.1/../../../../arm-none-eabi/lib/thumb/v7e-m+fp/hard/libc_nano.a(lib_a-impure.o)
 .rodata._global_impure_ptr
                0x0000000000000000        0x4 /home/spthiru/Documents/STM/arm_compiler/gcc-arm-none-eabi-10.3-2021.10/bin/../lib/gcc/arm-none-eabi/10.3.1/../../../../arm-none-eabi/lib/thumb/v7e-m+fp/hard/libc_nano.a(lib_a-impure.o)
 .ARM.attributes
                0x0000000000000000       0x34 /home/spthiru/Documents/STM/arm_compiler/gcc-arm-none-eabi-10.3-2021.10/bin/../lib/gcc/arm-none-eabi/10.3.1/../../../../arm-none-eabi/lib/thumb/v7e-m+fp/hard/libc_nano.a(lib_a-impure.o)
 .text          0x0000000000000000        0x0 /home/spthiru/Documents/STM/arm_compiler/gcc-arm-none-eabi-10.3-2021.10/bin/../lib/gcc/arm-none-eabi/10.3.1/../../../../arm-none-eabi/lib/thumb/v7e-m+fp/hard/libc_nano.a(lib_a-init.o)
 .data          0x0000000000000000        0x0 /home/spthiru/Documents/STM/arm_compiler/gcc-arm-none-eabi-10.3-2021.10/bin/../lib/gcc/arm-none-eabi/10.3.1/../../../../arm-none-eabi/lib/thumb/v7e-m+fp/hard/libc_nano.a(lib_a-init.o)
 .bss           0x0000000000000000        0x0 /home/spthiru/Documents/STM/arm_compiler/gcc-arm-none-eabi-10.3-2021.10/bin/../lib/gcc/arm-none-eabi/10.3.1/../../../../arm-none-eabi/lib/thumb/v7e-m+fp/hard/libc_nano.a(lib_a-init.o)
 .text          0x0000000000000000        0x0 /home/spthiru/Documents/STM/arm_compiler/gcc-arm-none-eabi-10.3-2021.10/bin/../lib/gcc/arm-none-eabi/10.3.1/../../../../arm-none-eabi/lib/thumb/v7e-m+fp/hard/libc_nano.a(lib_a-memset.o)
 .data          0x0000000000000000        0x0 /home/spthiru/Documents/STM/arm_compiler/gcc-arm-none-eabi-10.3-2021.10/bin/../lib/gcc/arm-none-eabi/10.3.1/../../../../arm-none-eabi/lib/thumb/v7e-m+fp/hard/libc_nano.a(lib_a-memset.o)
 .bss           0x0000000000000000        0x0 /home/spthiru/Documents/STM/arm_compiler/gcc-arm-none-eabi-10.3-2021.10/bin/../lib/gcc/arm-none-eabi/10.3.1/../../../../arm-none-eabi/lib/thumb/v7e-m+fp/hard/libc_nano.a(lib_a-memset.o)
 .text.memset   0x0000000000000000       0x10 /home/spthiru/Documents/STM/arm_compiler/gcc-arm-none-eabi-10.3-2021.10/bin/../lib/gcc/arm-none-eabi/10.3.1/../../../../arm-none-eabi/lib/thumb/v7e-m+fp/hard/libc_nano.a(lib_a-memset.o)
 .debug_frame   0x0000000000000000       0x20 /home/spthiru/Documents/STM/arm_compiler/gcc-arm-none-eabi-10.3-2021.10/bin/../lib/gcc/arm-none-eabi/10.3.1/../../../../arm-none-eabi/lib/thumb/v7e-m+fp/hard/libc_nano.a(lib_a-memset.o)
 .ARM.attributes
                0x0000000000000000       0x34 /home/spthiru/Documents/STM/arm_compiler/gcc-arm-none-eabi-10.3-2021.10/bin/../lib/gcc/arm-none-eabi/10.3.1/../../../../arm-none-eabi/lib/thumb/v7e-m+fp/hard/libc_nano.a(lib_a-memset.o)
 .text          0x0000000000000000       0x14 /tmp/cc8kseeT.o
 .data          0x0000000000000000        0x0 /tmp/cc8kseeT.o
 .bss           0x0000000000000000        0x0 /tmp/cc8kseeT.o
 .bss           0x0000000000000000        0x0 /tmp/cc10RDRQ.o
 .text          0x0000000000000000        0x0 /home/spthiru/Documents/STM/arm_compiler/gcc-arm-none-eabi-10.3-2021.10/bin/../lib/gcc/arm-none-eabi/10.3.1/../../../../arm-none-eabi/lib/thumb/v7e-m+fp/hard/libnosys.a(_exit.o)
 .data          0x0000000000000000        0x0 /home/spthiru/Documents/STM/arm_compiler/gcc-arm-none-eabi-10.3-2021.10/bin/../lib/gcc/arm-none-eabi/10.3.1/../../../../arm-none-eabi/lib/thumb/v7e-m+fp/hard/libnosys.a(_exit.o)
 .bss           0x0000000000000000        0x0 /home/spthiru/Documents/STM/arm_compiler/gcc-arm-none-eabi-10.3-2021.10/bin/../lib/gcc/arm-none-eabi/10.3.1/../../../../arm-none-eabi/lib/thumb/v7e-m+fp/hard/libnosys.a(_exit.o)
 .text._exit    0x0000000000000000        0x4 /home/spthiru/Documents/STM/arm_compiler/gcc-arm-none-eabi-10.3-2021.10/bin/../lib/gcc/arm-none-eabi/10.3.1/../../../../arm-none-eabi/lib/thumb/v7e-m+fp/hard/libnosys.a(_exit.o)
 .debug_frame   0x0000000000000000       0x20 /home/spthiru/Documents/STM/arm_compiler/gcc-arm-none-eabi-10.3-2021.10/bin/../lib/gcc/arm-none-eabi/10.3.1/../../../../arm-none-eabi/lib/thumb/v7e-m+fp/hard/libnosys.a(_exit.o)
 .ARM.attributes
                0x0000000000000000       0x34 /home/spthiru/Documents/STM/arm_compiler/gcc-arm-none-eabi-10.3-2021.10/bin/../lib/gcc/arm-none-eabi/10.3.1/../../../../arm-none-eabi/lib/thumb/v7e-m+fp/hard/libnosys.a(_exit.o)
 .text          0x0000000000000000        0x0 /home/spthiru/Documents/STM/arm_compiler/gcc-arm-none-eabi-10.3-2021.10/bin/../lib/gcc/arm-none-eabi/10.3.1/thumb/v7e-m+fp/hard/crtend.o
 .data          0x0000000000000000        0x0 /home/spthiru/Documents/STM/arm_compiler/gcc-arm-none-eabi-10.3-2021.10/bin/../lib/gcc/arm-none-eabi/10.3.1/thumb/v7e-m+fp/hard/crtend.o
 .bss           0x0000000000000000        0x0 /home/spthiru/Documents/STM/arm_compiler/gcc-arm-none-eabi-10.3-2021.10/bin/../lib/gcc/arm-none-eabi/10.3.1/thumb/v7e-m+fp/hard/crtend.o
 .rodata        0x0000000000000000       0x24 /home/spthiru/Documents/STM/arm_compiler/gcc-arm-none-eabi-10.3-2021.10/bin/../lib/gcc/arm-none-eabi/10.3.1/thumb/v7e-m+fp/hard/crtend.o
 .eh_frame      0x0000000000000000        0x4 /home/spthiru/Documents/STM/arm_compiler/gcc-arm-none-eabi-10.3-2021.10/bin/../lib/gcc/arm-none-eabi/10.3.1/thumb/v7e-m+fp/hard/crtend.o
 .ARM.attributes
                0x0000000000000000       0x34 /home/spthiru/Documents/STM/arm_compiler/gcc-arm-none-eabi-10.3-2021.10/bin/../lib/gcc/arm-none-eabi/10.3.1/thumb/v7e-m+fp/hard/crtend.o
 .text          0x0000000000000000        0x0 /home/spthiru/Documents/STM/arm_compiler/gcc-arm-none-eabi-10.3-2021.10/bin/../lib/gcc/arm-none-eabi/10.3.1/thumb/v7e-m+fp/hard/crtn.o
 .data          0x0000000000000000        0x0 /home/spthiru/Documents/STM/arm_compiler/gcc-arm-none-eabi-10.3-2021.10/bin/../lib/gcc/arm-none-eabi/10.3.1/thumb/v7e-m+fp/hard/crtn.o
 .bss           0x0000000000000000        0x0 /home/spthiru/Documents/STM/arm_compiler/gcc-arm-none-eabi-10.3-2021.10/bin/../lib/gcc/arm-none-eabi/10.3.1/thumb/v7e-m+fp/hard/crtn.o

Memory Configuration

Name             Origin             Length             Attributes
RAM              0x0000000020000000 0x0000000000010000 xrw
FLASH            0x0000000008000000 0x0000000000040000 xr
*default*        0x0000000000000000 0xffffffffffffffff

Linker script and memory map

LOAD /home/spthiru/Documents/STM/arm_compiler/gcc-arm-none-eabi-10.3-2021.10/bin/../lib/gcc/arm-none-eabi/10.3.1/thumb/v7e-m+fp/hard/crti.o
LOAD /home/spthiru/Documents/STM/arm_compiler/gcc-arm-none-eabi-10.3-2021.10/bin/../lib/gcc/arm-none-eabi/10.3.1/thumb/v7e-m+fp/hard/crtbegin.o
LOAD /home/spthiru/Documents/STM/arm_compiler/gcc-arm-none-eabi-10.3-2021.10/bin/../lib/gcc/arm-none-eabi/10.3.1/../../../../arm-none-eabi/lib/thumb/v7e-m+fp/hard/crt0.o
START GROUP
LOAD /home/spthiru/Documents/STM/arm_compiler/gcc-arm-none-eabi-10.3-2021.10/bin/../lib/gcc/arm-none-eabi/10.3.1/../../../../arm-none-eabi/lib/thumb/v7e-m+fp/hard/libc_nano.a
LOAD /home/spthiru/Documents/STM/arm_compiler/gcc-arm-none-eabi-10.3-2021.10/bin/../lib/gcc/arm-none-eabi/10.3.1/../../../../arm-none-eabi/lib/thumb/v7e-m+fp/hard/libm.a
END GROUP
LOAD /tmp/cc8kseeT.o
LOAD /tmp/cc10RDRQ.o
START GROUP
LOAD /home/spthiru/Documents/STM/arm_compiler/gcc-arm-none-eabi-10.3-2021.10/bin/../lib/gcc/arm-none-eabi/10.3.1/thumb/v7e-m+fp/hard/libgcc.a
LOAD /home/spthiru/Documents/STM/arm_compiler/gcc-arm-none-eabi-10.3-2021.10/bin/../lib/gcc/arm-none-eabi/10.3.1/../../../../arm-none-eabi/lib/thumb/v7e-m+fp/hard/libg_nano.a
LOAD /home/spthiru/Documents/STM/arm_compiler/gcc-arm-none-eabi-10.3-2021.10/bin/../lib/gcc/arm-none-eabi/10.3.1/../../../../arm-none-eabi/lib/thumb/v7e-m+fp/hard/libc_nano.a
END GROUP
START GROUP
LOAD /home/spthiru/Documents/STM/arm_compiler/gcc-arm-none-eabi-10.3-2021.10/bin/../lib/gcc/arm-none-eabi/10.3.1/thumb/v7e-m+fp/hard/libgcc.a
LOAD /home/spthiru/Documents/STM/arm_compiler/gcc-arm-none-eabi-10.3-2021.10/bin/../lib/gcc/arm-none-eabi/10.3.1/../../../../arm-none-eabi/lib/thumb/v7e-m+fp/hard/libc_nano.a
LOAD /home/spthiru/Documents/STM/arm_compiler/gcc-arm-none-eabi-10.3-2021.10/bin/../lib/gcc/arm-none-eabi/10.3.1/../../../../arm-none-eabi/lib/thumb/v7e-m+fp/hard/libnosys.a
END GROUP
START GROUP
LOAD /home/spthiru/Documents/STM/arm_compiler/gcc-arm-none-eabi-10.3-2021.10/bin/../lib/gcc/arm-none-eabi/10.3.1/thumb/v7e-m+fp/hard/libgcc.a
LOAD /home/spthiru/Documents/STM/arm_compiler/gcc-arm-none-eabi-10.3-2021.10/bin/../lib/gcc/arm-none-eabi/10.3.1/../../../../arm-none-eabi/lib/thumb/v7e-m+fp/hard/libc_nano.a
LOAD /home/spthiru/Documents/STM/arm_compiler/gcc-arm-none-eabi-10.3-2021.10/bin/../lib/gcc/arm-none-eabi/10.3.1/../../../../arm-none-eabi/lib/thumb/v7e-m+fp/hard/libnosys.a
END GROUP
LOAD /home/spthiru/Documents/STM/arm_compiler/gcc-arm-none-eabi-10.3-2021.10/bin/../lib/gcc/arm-none-eabi/10.3.1/thumb/v7e-m+fp/hard/crtend.o
LOAD /home/spthiru/Documents/STM/arm_compiler/gcc-arm-none-eabi-10.3-2021.10/bin/../lib/gcc/arm-none-eabi/10.3.1/thumb/v7e-m+fp/hard/crtn.o
                0x0000000020010000                _estack = (ORIGIN (RAM) + LENGTH (RAM))
                0x0000000000000200                _Min_Heap_Size = 0x200
                0x0000000000000400                _Min_Stack_Size = 0x400

.isr_vector     0x0000000008000000      0x194
                0x0000000008000000                . = ALIGN (0x4)
 *(.isr_vector)
 .isr_vector    0x0000000008000000      0x194 /tmp/cc8kseeT.o
                0x0000000008000000                g_pfnVectors
                0x0000000008000194                . = ALIGN (0x4)

.text           0x0000000008000194      0x298
                0x0000000008000194                . = ALIGN (0x4)
 *(.text)
 .text          0x0000000008000194       0x40 /home/spthiru/Documents/STM/arm_compiler/gcc-arm-none-eabi-10.3-2021.10/bin/../lib/gcc/arm-none-eabi/10.3.1/thumb/v7e-m+fp/hard/crtbegin.o
 .text          0x00000000080001d4      0x1a8 /tmp/cc10RDRQ.o
                0x00000000080001d4                delay
                0x0000000008000200                rcc_config
                0x0000000008000284                gpio
                0x00000000080002d0                led_blinking
                0x0000000008000364                main
 *(.text*)
 .text.__libc_init_array
                0x000000000800037c       0x48 /home/spthiru/Documents/STM/arm_compiler/gcc-arm-none-eabi-10.3-2021.10/bin/../lib/gcc/arm-none-eabi/10.3.1/../../../../arm-none-eabi/lib/thumb/v7e-m+fp/hard/libc_nano.a(lib_a-init.o)
                0x000000000800037c                __libc_init_array
 .text.Reset_Handler
                0x00000000080003c4       0x4c /tmp/cc8kseeT.o
                0x00000000080003c4                Reset_Handler
 .text.Default_Handler
                0x0000000008000410        0x2 /tmp/cc8kseeT.o
                0x0000000008000410                RTC_Alarm_IRQHandler
                0x0000000008000410                EXTI2_IRQHandler
                0x0000000008000410                DebugMon_Handler
                0x0000000008000410                SPI4_IRQHandler
                0x0000000008000410                TIM1_CC_IRQHandler
                0x0000000008000410                DMA2_Stream5_IRQHandler
                0x0000000008000410                HardFault_Handler
                0x0000000008000410                DMA1_Stream5_IRQHandler
                0x0000000008000410                SysTick_Handler
                0x0000000008000410                PVD_IRQHandler
                0x0000000008000410                SDIO_IRQHandler
                0x0000000008000410                TAMP_STAMP_IRQHandler
                0x0000000008000410                PendSV_Handler
                0x0000000008000410                NMI_Handler
                0x0000000008000410                EXTI3_IRQHandler
                0x0000000008000410                TIM1_UP_TIM10_IRQHandler
                0x0000000008000410                I2C3_ER_IRQHandler
                0x0000000008000410                EXTI0_IRQHandler
                0x0000000008000410                I2C2_EV_IRQHandler
                0x0000000008000410                DMA1_Stream2_IRQHandler
                0x0000000008000410                FPU_IRQHandler
                0x0000000008000410                UsageFault_Handler
                0x0000000008000410                DMA2_Stream2_IRQHandler
                0x0000000008000410                SPI1_IRQHandler
                0x0000000008000410                TIM1_BRK_TIM9_IRQHandler
                0x0000000008000410                DMA2_Stream3_IRQHandler
                0x0000000008000410                USART6_IRQHandler
                0x0000000008000410                DMA2_Stream0_IRQHandler
                0x0000000008000410                TIM4_IRQHandler
                0x0000000008000410                I2C1_EV_IRQHandler
                0x0000000008000410                DMA1_Stream6_IRQHandler
                0x0000000008000410                DMA1_Stream1_IRQHandler
                0x0000000008000410                TIM3_IRQHandler
                0x0000000008000410                RCC_IRQHandler
                0x0000000008000410                Default_Handler
                0x0000000008000410                EXTI15_10_IRQHandler
                0x0000000008000410                ADC_IRQHandler
                0x0000000008000410                DMA1_Stream7_IRQHandler
                0x0000000008000410                TIM5_IRQHandler
                0x0000000008000410                DMA2_Stream7_IRQHandler
                0x0000000008000410                I2C3_EV_IRQHandler
                0x0000000008000410                EXTI9_5_IRQHandler
                0x0000000008000410                RTC_WKUP_IRQHandler
                0x0000000008000410                SPI2_IRQHandler
                0x0000000008000410                MemManage_Handler
                0x0000000008000410                DMA1_Stream0_IRQHandler
                0x0000000008000410                SVC_Handler
                0x0000000008000410                EXTI4_IRQHandler
                0x0000000008000410                WWDG_IRQHandler
                0x0000000008000410                TIM2_IRQHandler
                0x0000000008000410                OTG_FS_WKUP_IRQHandler
                0x0000000008000410                TIM1_TRG_COM_TIM11_IRQHandler
                0x0000000008000410                EXTI1_IRQHandler
                0x0000000008000410                USART2_IRQHandler
                0x0000000008000410                I2C2_ER_IRQHandler
                0x0000000008000410                DMA2_Stream1_IRQHandler
                0x0000000008000410                FLASH_IRQHandler
                0x0000000008000410                DMA2_Stream4_IRQHandler
                0x0000000008000410                BusFault_Handler
                0x0000000008000410                USART1_IRQHandler
                0x0000000008000410                OTG_FS_IRQHandler
                0x0000000008000410                SPI3_IRQHandler
                0x0000000008000410                DMA1_Stream4_IRQHandler
                0x0000000008000410                I2C1_ER_IRQHandler
                0x0000000008000410                DMA2_Stream6_IRQHandler
                0x0000000008000410                DMA1_Stream3_IRQHandler
 *(.glue_7)
 .glue_7        0x0000000008000412        0x0 linker stubs
 *(.glue_7t)
 .glue_7t       0x0000000008000412        0x0 linker stubs
 *(.eh_frame)
 *fill*         0x0000000008000412        0x2 
 .eh_frame      0x0000000008000414        0x0 /home/spthiru/Documents/STM/arm_compiler/gcc-arm-none-eabi-10.3-2021.10/bin/../lib/gcc/arm-none-eabi/10.3.1/thumb/v7e-m+fp/hard/crtbegin.o
 *(.init)
 .init          0x0000000008000414        0x4 /home/spthiru/Documents/STM/arm_compiler/gcc-arm-none-eabi-10.3-2021.10/bin/../lib/gcc/arm-none-eabi/10.3.1/thumb/v7e-m+fp/hard/crti.o
                0x0000000008000414                _init
 .init          0x0000000008000418        0x8 /home/spthiru/Documents/STM/arm_compiler/gcc-arm-none-eabi-10.3-2021.10/bin/../lib/gcc/arm-none-eabi/10.3.1/thumb/v7e-m+fp/hard/crtn.o
 *(.fini)
 .fini          0x0000000008000420        0x4 /home/spthiru/Documents/STM/arm_compiler/gcc-arm-none-eabi-10.3-2021.10/bin/../lib/gcc/arm-none-eabi/10.3.1/thumb/v7e-m+fp/hard/crti.o
                0x0000000008000420                _fini
 .fini          0x0000000008000424        0x8 /home/spthiru/Documents/STM/arm_compiler/gcc-arm-none-eabi-10.3-2021.10/bin/../lib/gcc/arm-none-eabi/10.3.1/thumb/v7e-m+fp/hard/crtn.o
                0x000000000800042c                . = ALIGN (0x4)
                0x000000000800042c                _etext = .

.vfp11_veneer   0x000000000800042c        0x0
 .vfp11_veneer  0x000000000800042c        0x0 linker stubs

.v4_bx          0x000000000800042c        0x0
 .v4_bx         0x000000000800042c        0x0 linker stubs

.iplt           0x000000000800042c        0x0
 .iplt          0x000000000800042c        0x0 /home/spthiru/Documents/STM/arm_compiler/gcc-arm-none-eabi-10.3-2021.10/bin/../lib/gcc/arm-none-eabi/10.3.1/thumb/v7e-m+fp/hard/crtbegin.o

.rel.dyn        0x000000000800042c        0x0
 .rel.iplt      0x000000000800042c        0x0 /home/spthiru/Documents/STM/arm_compiler/gcc-arm-none-eabi-10.3-2021.10/bin/../lib/gcc/arm-none-eabi/10.3.1/thumb/v7e-m+fp/hard/crtbegin.o

.rodata         0x000000000800042c        0x0
                0x000000000800042c                . = ALIGN (0x4)
 *(.rodata)
 *(.rodata*)
                0x000000000800042c                . = ALIGN (0x4)

.ARM.extab      0x000000000800042c        0x0
                0x000000000800042c                . = ALIGN (0x4)
 *(.ARM.extab* .gnu.linkonce.armextab.*)
                0x000000000800042c                . = ALIGN (0x4)

.ARM            0x000000000800042c        0x0
                0x000000000800042c                . = ALIGN (0x4)
                0x000000000800042c                __exidx_start = .
 *(.ARM.exidx*)
                0x000000000800042c                __exidx_end = .
                0x000000000800042c                . = ALIGN (0x4)

.preinit_array  0x000000000800042c        0x0
                0x000000000800042c                . = ALIGN (0x4)
                0x000000000800042c                PROVIDE (__preinit_array_start = .)
 *(.preinit_array*)
                0x000000000800042c                PROVIDE (__preinit_array_end = .)
                0x000000000800042c                . = ALIGN (0x4)

.init_array     0x000000000800042c        0x4
                0x000000000800042c                . = ALIGN (0x4)
                0x000000000800042c                PROVIDE (__init_array_start = .)
 *(SORT_BY_NAME(.init_array.*))
 *(.init_array*)
 .init_array    0x000000000800042c        0x4 /home/spthiru/Documents/STM/arm_compiler/gcc-arm-none-eabi-10.3-2021.10/bin/../lib/gcc/arm-none-eabi/10.3.1/thumb/v7e-m+fp/hard/crtbegin.o
                0x0000000008000430                PROVIDE (__init_array_end = .)
                0x0000000008000430                . = ALIGN (0x4)

.fini_array     0x0000000008000430        0x4
                0x0000000008000430                . = ALIGN (0x4)
                [!provide]                        PROVIDE (__fini_array_start = .)
 *(SORT_BY_NAME(.fini_array.*))
 *(.fini_array*)
 .fini_array    0x0000000008000430        0x4 /home/spthiru/Documents/STM/arm_compiler/gcc-arm-none-eabi-10.3-2021.10/bin/../lib/gcc/arm-none-eabi/10.3.1/thumb/v7e-m+fp/hard/crtbegin.o
                [!provide]                        PROVIDE (__fini_array_end = .)
                0x0000000008000434                . = ALIGN (0x4)
                0x0000000008000434                _sidata = LOADADDR (.data)

.data           0x0000000020000000       0x14 load address 0x0000000008000434
                0x0000000020000000                . = ALIGN (0x4)
                0x0000000020000000                _sdata = .
 *(.data)
 .data          0x0000000020000000       0x14 /tmp/cc10RDRQ.o
                0x0000000020000000                RCC_CR
                0x0000000020000004                RCC_CFGR
                0x0000000020000008                RCC_AHB1ENR
                0x000000002000000c                GPIOA_MODER
                0x0000000020000010                GPIOA_ODR
 *(.data*)
 *(.RamFunc)
 *(.RamFunc*)
                0x0000000020000014                . = ALIGN (0x4)
                0x0000000020000014                _edata = .

.igot.plt       0x0000000020000014        0x0 load address 0x0000000008000448
 .igot.plt      0x0000000020000014        0x0 /home/spthiru/Documents/STM/arm_compiler/gcc-arm-none-eabi-10.3-2021.10/bin/../lib/gcc/arm-none-eabi/10.3.1/thumb/v7e-m+fp/hard/crtbegin.o
                0x0000000020000014                . = ALIGN (0x4)

.bss            0x0000000020000014       0x1c load address 0x0000000008000448
                0x0000000020000014                _sbss = .
                0x0000000020000014                __bss_start__ = _sbss
 *(.bss)
 .bss           0x0000000020000014       0x1c /home/spthiru/Documents/STM/arm_compiler/gcc-arm-none-eabi-10.3-2021.10/bin/../lib/gcc/arm-none-eabi/10.3.1/thumb/v7e-m+fp/hard/crtbegin.o
 *(.bss*)
 *(COMMON)
                0x0000000020000030                . = ALIGN (0x4)
                0x0000000020000030                _ebss = .
                0x0000000020000030                __bss_end__ = _ebss

._user_heap_stack
                0x0000000020000030      0x600 load address 0x0000000008000448
                0x0000000020000030                . = ALIGN (0x8)
                [!provide]                        PROVIDE (end = .)
                [!provide]                        PROVIDE (_end = .)
                0x0000000020000230                . = (. + _Min_Heap_Size)
 *fill*         0x0000000020000030      0x200 
                0x0000000020000630                . = (. + _Min_Stack_Size)
 *fill*         0x0000000020000230      0x400 
                0x0000000020000630                . = ALIGN (0x8)

/DISCARD/
 libc.a(*)
 libm.a(*)
 libgcc.a(*)

.ARM.attributes
                0x0000000000000000       0x30
 *(.ARM.attributes)
 .ARM.attributes
                0x0000000000000000       0x1e /home/spthiru/Documents/STM/arm_compiler/gcc-arm-none-eabi-10.3-2021.10/bin/../lib/gcc/arm-none-eabi/10.3.1/thumb/v7e-m+fp/hard/crti.o
 .ARM.attributes
                0x000000000000001e       0x34 /home/spthiru/Documents/STM/arm_compiler/gcc-arm-none-eabi-10.3-2021.10/bin/../lib/gcc/arm-none-eabi/10.3.1/thumb/v7e-m+fp/hard/crtbegin.o
 .ARM.attributes
                0x0000000000000052       0x34 /home/spthiru/Documents/STM/arm_compiler/gcc-arm-none-eabi-10.3-2021.10/bin/../lib/gcc/arm-none-eabi/10.3.1/../../../../arm-none-eabi/lib/thumb/v7e-m+fp/hard/libc_nano.a(lib_a-init.o)
 .ARM.attributes
                0x0000000000000086       0x21 /tmp/cc8kseeT.o
 .ARM.attributes
                0x00000000000000a7       0x34 /tmp/cc10RDRQ.o
 .ARM.attributes
                0x00000000000000db       0x1e /home/spthiru/Documents/STM/arm_compiler/gcc-arm-none-eabi-10.3-2021.10/bin/../lib/gcc/arm-none-eabi/10.3.1/thumb/v7e-m+fp/hard/crtn.o
OUTPUT(stm32f401ccux.elf elf32-littlearm)
LOAD linker stubs
LOAD /home/spthiru/Documents/STM/arm_compiler/gcc-arm-none-eabi-10.3-2021.10/bin/../lib/gcc/arm-none-eabi/10.3.1/../../../../arm-none-eabi/lib/thumb/v7e-m+fp/hard/libc.a
LOAD /home/spthiru/Documents/STM/arm_compiler/gcc-arm-none-eabi-10.3-2021.10/bin/../lib/gcc/arm-none-eabi/10.3.1/../../../../arm-none-eabi/lib/thumb/v7e-m+fp/hard/libm.a
LOAD /home/spthiru/Documents/STM/arm_compiler/gcc-arm-none-eabi-10.3-2021.10/bin/../lib/gcc/arm-none-eabi/10.3.1/thumb/v7e-m+fp/hard/libgcc.a

.debug_frame    0x0000000000000000       0xec
 .debug_frame   0x0000000000000000       0x2c /home/spthiru/Documents/STM/arm_compiler/gcc-arm-none-eabi-10.3-2021.10/bin/../lib/gcc/arm-none-eabi/10.3.1/../../../../arm-none-eabi/lib/thumb/v7e-m+fp/hard/libc_nano.a(lib_a-init.o)
 .debug_frame   0x000000000000002c       0xc0 /tmp/cc10RDRQ.o

.debug_line     0x0000000000000000      0x235
 .debug_line    0x0000000000000000       0x77 /tmp/cc8kseeT.o
 .debug_line    0x0000000000000077      0x1be /tmp/cc10RDRQ.o

.debug_info     0x0000000000000000      0x14b
 .debug_info    0x0000000000000000       0x22 /tmp/cc8kseeT.o
 .debug_info    0x0000000000000022      0x129 /tmp/cc10RDRQ.o

.debug_abbrev   0x0000000000000000       0xee
 .debug_abbrev  0x0000000000000000       0x12 /tmp/cc8kseeT.o
 .debug_abbrev  0x0000000000000012       0xdc /tmp/cc10RDRQ.o

.debug_aranges  0x0000000000000000       0x48
 .debug_aranges
                0x0000000000000000       0x28 /tmp/cc8kseeT.o
 .debug_aranges
                0x0000000000000028       0x20 /tmp/cc10RDRQ.o

.debug_str      0x0000000000000000      0x13e
 .debug_str     0x0000000000000000       0x5d /tmp/cc8kseeT.o
 .debug_str     0x000000000000005d       0xe1 /tmp/cc10RDRQ.o
                                        0x118 (size before relaxing)

.debug_ranges   0x0000000000000000       0x20
 .debug_ranges  0x0000000000000000       0x20 /tmp/cc8kseeT.o

.comment        0x0000000000000000       0x49
 .comment       0x0000000000000000       0x49 /tmp/cc10RDRQ.o
                                         0x4a (size before relaxing)
